// Jest Snapshot v1, https://goo.gl/fbAQLP

exports[`expect CheckBox to render 1`] = `ShallowWrapper {}`;
