// Jest Snapshot v1, https://goo.gl/fbAQLP

exports[`should render RadioButton componet 1`] = `
<ForwardRef(RadioGroup)
  className="col-6"
  style={
    Object {
      "width": "100%",
    }
  }
  value="other"
>
  <WithStyles(ForwardRef(FormLabel))
    component="legend"
  >
    Gender
  </WithStyles(ForwardRef(FormLabel))>
  <WithStyles(ForwardRef(FormControlLabel))
    control={
      <ForwardRef(WithStyles)
        label="Male"
        value="male"
      />
    }
    key="male"
    label="Male"
  />
  <WithStyles(ForwardRef(FormControlLabel))
    control={
      <ForwardRef(WithStyles)
        label="Female"
        value="female"
      />
    }
    key="female"
    label="Female"
  />
  <WithStyles(ForwardRef(FormControlLabel))
    control={
      <ForwardRef(WithStyles)
        label="other"
        value="other"
      />
    }
    key="other"
    label="other"
  />
</ForwardRef(RadioGroup)>
`;
